// Jest Snapshot v1, https://goo.gl/fbAQLP

exports[`<TextInput /> should match the snapshot 1`] = `
<div>
  <input
    class="text-input"
    placeholder="Search here..."
    type="search"
    value="test"
  />
</div>
`;
